{
	"meta": {
		"coin": "skycoin",
		"filename": "",
		"label": "test",
		"type": "bip44",
		"version": "0.4",
		"crypto_type": "scrypt-chacha20poly1305",
		"timestamp": 0,
		"temp": false,
		"encrypted": true,
		"bip44_coin": 8000
	},
	"entries": [
		{
			"address": "cswW3EQMf1uWHzTgx2752AiNfyqtK5UWM3",
			"public_key": "02691fbb52956156494674614aaa08633571b394586932e6cbfc80d19a41d3b2bb",
			"child_number": 0,
			"change": 0
		},
		{
			"address": "2A4XhpdPhP4pZds8uzuu7TsGtiCBAodr33H",
			"public_key": "02a10fffae18852e9454a6d0e06fea13405a9e844bffb8a526c587c6b2e9fb50dc",
			"child_number": 0,
			"change": 1
		}
	]
}
