{
	"status": {
		"blockchain": {
			"head": {
				"seq": 180,
				"block_hash": "63614fdf08b67fcfc99d7b43d115fb9f57eb5c6833acdbdc712ee361f391f292",
				"previous_block_hash": "93fce3f520d9ec5b5c29226ad39fb61e3b9a92464fdec87d6805cf8e8e782959",
				"timestamp": 1431574528,
				"fee": 2265261,
				"version": 0,
				"tx_body_hash": "0a610a34a8408effe8f2f70e4a85a3a8f4aca923f43e10a8a6e08cf410d7a35d",
				"ux_hash": "058d1d0a22be7b9f5567a236866836a87d922760581832cfb8bfbd8b337d64b1"
			},
			"unspents": 218,
			"unconfirmed": 0,
			"time_since_last_block": "0s"
		},
		"version": {
			"version": "",
			"commit": "",
			"branch": ""
		},
		"coin": "skycoin",
		"user_agent": "skycoin:0.27.1",
		"open_connections": 0,
		"outgoing_connections": 0,
		"incoming_connections": 0,
		"uptime": "0s",
		"csrf_enabled": false,
		"header_check_enabled": true,
		"csp_enabled": true,
		"wallet_api_enabled": true,
		"gui_enabled": false,
		"block_publisher": false,
		"user_verify_transaction": {
			"burn_factor": 10,
			"max_transaction_size": 32768,
			"max_decimals": 3
		},
		"unconfirmed_verify_transaction": {
			"burn_factor": 10,
			"max_transaction_size": 32768,
			"max_decimals": 3
		},
		"started_at": 0,
		"fiber": {
			"name": "skycoin",
			"display_name": "Skycoin",
			"ticker": "SKY",
			"coin_hours_display_name": "Coin Hours",
			"coin_hours_display_name_singular": "Coin Hour",
			"coin_hours_ticker": "SCH",
			"explorer_url": "https://explorer.skycoin.com",
			"version_url": "https://version.skycoin.com/skycoin/version.txt",
			"bip44_coin": 8000
		}
	},
	"cli_config": {
		"webrpc_address": "http://127.0.0.1:1024"
	}
}
