{
	"richlist": [
		{
			"address": "3iFGBKapAWWzbiGFSr5ScbhrEPm6Esyvia",
			"coins": "1000000.000000",
			"locked": true
		},
		{
			"address": "4CW2CPJEzxhn2PS4JoSLoWGL5QQ7dL2eji",
			"coins": "1000000.000000",
			"locked": true
		},
		{
			"address": "4Ebf4PkG9QEnQTm4MVvaZvJV6Y9av3jhgb",
			"coins": "1000000.000000",
			"locked": true
		},
		{
			"address": "5B98bU1nsedGJBdRD5wLtq7Z8t8ZXio8u5",
			"coins": "1000000.000000",
			"locked": true
		},
		{
			"address": "6NSJKsPxmqipGAfFFhUKbkopjrvEESTX3j",
			"coins": "1000000.000000",
			"locked": true
		},
		{
			"address": "7Uf5xJ3GkiEKaLxC2WmJ1t6SeekJeBdJfu",
			"coins": "1000000.000000",
			"locked": true
		},
		{
			"address": "9TC4RGs6AtFUsbcVWnSoCdoCpSfM66ALAc",
			"coins": "1000000.000000",
			"locked": true
		},
		{
			"address": "A1QU6jKq8YgTP79M8fwZNHUZc7hConFKmy",
			"coins": "1000000.000000",
			"locked": true
		},
		{
			"address": "ALJVNKYL7WGxFBSriiZuwZKWD4b7fbV1od",
			"coins": "1000000.000000",
			"locked": true
		},
		{
			"address": "FEGxF3HPoM2HCWHn82tyeh9o7vEQq5ySGE",
			"coins": "1000000.000000",
			"locked": true
		},
		{
			"address": "GEBWJ2KpRQDBTCCtvnaAJV2cYurgXS8pta",
			"coins": "1000000.000000",
			"locked": true
		},
		{
			"address": "HvgNmDz5jD39Gwmi9VfDY1iYMhZUpZ8GKz",
			"coins": "1000000.000000",
			"locked": true
		},
		{
			"address": "KPfqM6S96WtRLMuSy4XLfVwymVqivdcDoM",
			"coins": "1000000.000000",
			"locked": true
		},
		{
			"address": "KghGnWw5fppTrqHSERXZf61yf7GkuQdCnV",
			"coins": "1000000.000000",
			"locked": true
		},
		{
			"address": "MXJx96ZJVSjktgeYZpVK8vn1H3xWP8ooq5",
			"coins": "1000000.000000",
			"locked": true
		},
		{
			"address": "NFW2akQH2vu7AqkQXxFz2P5vkXTWkSqrSm",
			"coins": "1000000.000000",
			"locked": true
		},
		{
			"address": "RJzzwUs3c9C8Y7NFYzNfFoqiUKeBhBfPki",
			"coins": "1000000.000000",
			"locked": true
		},
		{
			"address": "RMTCwLiYDKEAiJu5ekHL1NQ8UKHi5ozCPg",
			"coins": "1000000.000000",
			"locked": true
		},
		{
			"address": "SbApuZAYquWP3Q6iD51BcMBQjuApYEkRVf",
			"coins": "1000000.000000",
			"locked": true
		},
		{
			"address": "TKD93RxFr2Am44TntLiJQus4qcEwTtvEEQ",
			"coins": "1000000.000000",
			"locked": true
		},
		{
			"address": "USdfKy7B6oFNoauHWMmoCA7ND9rHqYw2Mf",
			"coins": "1000000.000000",
			"locked": true
		},
		{
			"address": "WV2ap7ZubTxeDdmEZ1Xo7ufGMkekLWikJu",
			"coins": "1000000.000000",
			"locked": true
		},
		{
			"address": "Wkvima5cF7DDFdmJQqcdq8Syaq9DuAJJRD",
			"coins": "1000000.000000",
			"locked": true
		},
		{
			"address": "XUGdPaVnMh7jtzPe3zkrf9FKh5nztFnQU5",
			"coins": "1000000.000000",
			"locked": true
		},
		{
			"address": "bw4wtYU8toepomrhWP2p8UFYfHBbvEV425",
			"coins": "1000000.000000",
			"locked": true
		},
		{
			"address": "cA49et9WtptYHf6wA1F8qqVgH3kS5jJ9vK",
			"coins": "1000000.000000",
			"locked": true
		},
		{
			"address": "ckCTV4r1pNuz6j2VBRHhaJN9HsCLY7muLV",
			"coins": "1000000.000000",
			"locked": true
		},
		{
			"address": "cuC68ycVXmD2EBzYFNYQ6akhKGrh3FGjSf",
			"coins": "1000000.000000",
			"locked": true
		},
		{
			"address": "ejJjiCwp86ykmFr5iTJ8LxQXJ2wJPTYmkm",
			"coins": "1000000.000000",
			"locked": true
		},
		{
			"address": "gQvgyG1djgtftoCVrSZmsRxr7okD4LheKw",
			"coins": "1000000.000000",
			"locked": true
		},
		{
			"address": "h38DxNxGhWGTq9p5tJnN5r4Fwnn85Krrb6",
			"coins": "1000000.000000",
			"locked": true
		},
		{
			"address": "hSNgHgewJme8uaHrEuKubHYtYSDckD6hpf",
			"coins": "1000000.000000",
			"locked": true
		},
		{
			"address": "iH7DqqojTgUn2JxmY9hgFp165Nk7wKfan9",
			"coins": "1000000.000000",
			"locked": true
		},
		{
			"address": "kK1Q4gPyYfVVMzQtAPRzL8qXMqJ67Y7tKs",
			"coins": "1000000.000000",
			"locked": true
		},
		{
			"address": "oQzn55UWG4iMcY9bTNb27aTnRdfiGHAwbD",
			"coins": "1000000.000000",
			"locked": true
		},
		{
			"address": "oS8fbEm82cprmAeineBeDkaKd7QownDZQh",
			"coins": "1000000.000000",
			"locked": true
		},
		{
			"address": "orrAssY5V2HuQAbW9K6WktFrGieq2m23pr",
			"coins": "1000000.000000",
			"locked": true
		},
		{
			"address": "oz4ytDKbCqpgjW3LPc52pW2CaK2gxCcWmL",
			"coins": "1000000.000000",
			"locked": true
		},
		{
			"address": "q9RkXoty3X1fuaypDDRUi78rWgJWYJMmpJ",
			"coins": "1000000.000000",
			"locked": true
		},
		{
			"address": "qaJT9TjcMi46sTKcgwRQU8o5Lw2Ea1gC4N",
			"coins": "1000000.000000",
			"locked": true
		},
		{
			"address": "rQpAs1LVQdphyj9ipEAuukAoj9kNpSP8cM",
			"coins": "1000000.000000",
			"locked": true
		},
		{
			"address": "tBaeg9zE2sgmw5ZQENaPPYd6jfwpVpGTzS",
			"coins": "1000000.000000",
			"locked": true
		},
		{
			"address": "wyQVmno9aBJZmQ99nDSLoYWwp7YDJCWsrH",
			"coins": "1000000.000000",
			"locked": true
		},
		{
			"address": "z6CJZfYLvmd41GRVE8HASjRcy5hqbpHZvE",
			"coins": "1000000.000000",
			"locked": true
		},
		{
			"address": "zMDywYdGEDtTSvWnCyc3qsYHWwj9ogws74",
			"coins": "1000000.000000",
			"locked": true
		},
		{
			"address": "21N2iJ1qnQRiJWcEqNRxXwfNp8QcmiyhtPy",
			"coins": "1000000.000000",
			"locked": true
		},
		{
			"address": "22dkmukC6iH4FFLBmHne6modJZZQ3MC9BAT",
			"coins": "1000000.000000",
			"locked": true
		},
		{
			"address": "22pyn5RyhqtTQu4obYjuWYRNNw4i54L8xVr",
			"coins": "1000000.000000",
			"locked": true
		},
		{
			"address": "24EG6uTzL7DHNzcwsygYGRR1nfu5kco7AZ1",
			"coins": "1000000.000000",
			"locked": true
		},
		{
			"address": "25NbotTka7TwtbXUpSCQD8RMgHKspyDubXJ",
			"coins": "1000000.000000",
			"locked": true
		},
		{
			"address": "25RGnhN7VojHUTvQBJA9nBT5y1qTQGULMzR",
			"coins": "1000000.000000",
			"locked": true
		},
		{
			"address": "26uCBDfF8E2PJU2Dzz2ysgKwv9m4BhodTz9",
			"coins": "1000000.000000",
			"locked": true
		},
		{
			"address": "286hSoJYxvENFSHwG51ZbmKaochLJyq4ERQ",
			"coins": "1000000.000000",
			"locked": true
		},
		{
			"address": "28J4mx8xfUtM92DbQ6i2Jmqw5J7dNivfroN",
			"coins": "1000000.000000",
			"locked": true
		},
		{
			"address": "29k9g3F5AYfVaa1joE1PpZjBED6hQXes8Mm",
			"coins": "1000000.000000",
			"locked": true
		},
		{
			"address": "2BsMfywmGV3M2CoDA112Rs7ZBkiMHfy9X11",
			"coins": "1000000.000000",
			"locked": true
		},
		{
			"address": "2DeK765jLgnMweYrMp1NaYHfzxumfR1PaQN",
			"coins": "1000000.000000",
			"locked": true
		},
		{
			"address": "2GCdwsRpQhcf8SQcynFrMVDM26Bbj6sgv9M",
			"coins": "1000000.000000",
			"locked": true
		},
		{
			"address": "2MQJjLnWRp9eHh6MpCwpiUeshhtmri12mci",
			"coins": "1000000.000000",
			"locked": true
		},
		{
			"address": "2NRFe7REtSmaM2qAgZeG45hC8EtVGV2QjeB",
			"coins": "1000000.000000",
			"locked": true
		},
		{
			"address": "2QjRQUMyL6iodtHP9zKmxCNYZ7k3jxtk49C",
			"coins": "1000000.000000",
			"locked": true
		},
		{
			"address": "2Ugii5yxJgLzC59jV1vF8GK7UBZdvxwobeJ",
			"coins": "1000000.000000",
			"locked": true
		},
		{
			"address": "2W2cGyiCRM4nwmmiGPgMuGaPGeBzEm7VZPn",
			"coins": "1000000.000000",
			"locked": true
		},
		{
			"address": "2WojewRA3LbpyXTP9ANy8CZqJMgmyNm3MDr",
			"coins": "1000000.000000",
			"locked": true
		},
		{
			"address": "2XPLzz4ZLf1A9ykyTCjW5gEmVjnWa8CuatH",
			"coins": "1000000.000000",
			"locked": true
		},
		{
			"address": "2Xvm6is5cAPA85xnSYXDuAqiRyoXiky5RaD",
			"coins": "1000000.000000",
			"locked": true
		},
		{
			"address": "2ayCELBERubQWH5QxUr3cTxrYpidvUAzsSw",
			"coins": "1000000.000000",
			"locked": true
		},
		{
			"address": "2bJ32KuGmjmwKyAtzWdLFpXNM6t83CCPLq5",
			"coins": "1000000.000000",
			"locked": true
		},
		{
			"address": "2c1UU8J6Y3kL4cmQh21Tj8wkzidCiZxwdwd",
			"coins": "1000000.000000",
			"locked": true
		},
		{
			"address": "2cc9wKxCsFNRkoAQDAoHke3ZoyL1mSV14cj",
			"coins": "1000000.000000",
			"locked": true
		},
		{
			"address": "2eZYSbzBKJ7QCL4kd5LSqV478rJQGb4UNkf",
			"coins": "1000000.000000",
			"locked": true
		},
		{
			"address": "2ex5Z7TufQ5Z8xv5mXe53fSQRfUr35SSo7Q",
			"coins": "1000000.000000",
			"locked": true
		},
		{
			"address": "2fi8oLC9zfVVGnzzQtu3Y3rffS65Hiz6QHo",
			"coins": "1000000.000000",
			"locked": true
		},
		{
			"address": "2hdTw5Hk3rsgpZjvk8TyKcCZoRVXU5QVrUt",
			"coins": "1000000.000000",
			"locked": true
		},
		{
			"address": "2iZWk5tmBynWxj2PpAFyiZzEws9qSnG3a6n",
			"coins": "1000000.000000",
			"locked": true
		},
		{
			"address": "8yf8PAQqU2cDj8Yzgz3LgBEyDqjvCh2xR7",
			"coins": "1000000.000000",
			"locked": false
		},
		{
			"address": "AYV8KEBEAPCg8a59cHgqHMqYHP9nVgQDyW",
			"coins": "1000000.000000",
			"locked": false
		},
		{
			"address": "Ak1qCDNudRxZVvcW6YDAdD9jpYNNStAVqm",
			"coins": "1000000.000000",
			"locked": false
		},
		{
			"address": "D3phtGr9iv6238b3zYXq6VgwrzwvfRzWZQ",
			"coins": "1000000.000000",
			"locked": false
		},
		{
			"address": "JbM25o7kY7hqJZt3WGYu9pHZFCpA9TCR6t",
			"coins": "1000000.000000",
			"locked": false
		},
		{
			"address": "Syzmb3MiMoiNVpqFdQ38hWgffHg86D2J4e",
			"coins": "1000000.000000",
			"locked": false
		},
		{
			"address": "TtAaxB3qGz5zEAhhiGkBY9VPV7cekhvRYS",
			"coins": "1000000.000000",
			"locked": false
		},
		{
			"address": "gpqsFSuMCZmsjPc6Rtgy1FmLx424tH86My",
			"coins": "1000000.000000",
			"locked": false
		},
		{
			"address": "ix3NDKgxfYYANKAb5kbmwBYXPrkAsha7uG",
			"coins": "1000000.000000",
			"locked": false
		},
		{
			"address": "ix44h3cojvN6nqGcdpy62X7Rw6Ahnr3Thk",
			"coins": "1000000.000000",
			"locked": false
		},
		{
			"address": "m2joQiJRZnj3jN6NsoKNxaxzUTijkdRoSR",
			"coins": "1000000.000000",
			"locked": false
		},
		{
			"address": "sgB3n11ZPUYHToju6TWMpUZTUcKvQnoFMJ",
			"coins": "1000000.000000",
			"locked": false
		},
		{
			"address": "tWZ11Nvor9parjg4FkwxNVcby59WVTw2iL",
			"coins": "1000000.000000",
			"locked": false
		},
		{
			"address": "wybwGC9rhm8ZssBuzpy5goXrAdE31MPdsj",
			"coins": "1000000.000000",
			"locked": false
		},
		{
			"address": "25aGyzypSA3T9K6rgPUv1ouR13efNPtWP5m",
			"coins": "1000000.000000",
			"locked": false
		},
		{
			"address": "2EUF3GPEUmfocnUc1w6YPtqXVCy3UZA4rAq",
			"coins": "1000000.000000",
			"locked": false
		},
		{
			"address": "2EYM4WFHe4Dgz6kjAdUkM6Etep7ruz2ia6h",
			"coins": "1000000.000000",
			"locked": false
		},
		{
			"address": "2Nu5Jv5Wp3RYGJU1EkjWFFHnebxMx1GjfkF",
			"coins": "1000000.000000",
			"locked": false
		},
		{
			"address": "2RkPshpFFrkuaP98GprLtgHFTGvPY5e6wCK",
			"coins": "1000000.000000",
			"locked": false
		},
		{
			"address": "2THDupTBEo7UqB6dsVizkYUvkKq82Qn4gjf",
			"coins": "1000000.000000",
			"locked": false
		},
		{
			"address": "2UYPbDBnHUEc67e7qD4eXtQQ6zfU2cyvAvk",
			"coins": "1000000.000000",
			"locked": false
		},
		{
			"address": "2efrft5Lnwjtk7F1p9d7BnPd72zko2hQWNi",
			"coins": "1000000.000000",
			"locked": false
		},
		{
			"address": "2fM5gVpi7XaiMPm4i29zddTNkmrKe6TzhVZ",
			"coins": "1000000.000000",
			"locked": false
		},
		{
			"address": "2g3GUmTQooLrNHaRDhKtLU8rWLz36Beow7F",
			"coins": "1000000.000000",
			"locked": false
		},
		{
			"address": "R6aHqKWSQfvpdo2fGSrq4F1RYXkBWR9HHJ",
			"coins": "615700.000000",
			"locked": false
		},
		{
			"address": "2kvLEyXwAYvHfJuFCkjnYNRTUfHPyWgVwKt",
			"coins": "63083.000000",
			"locked": false
		},
		{
			"address": "LzniV6G4nVVvRBNo7NcCUvAz1Tzo5MajqZ",
			"coins": "38105.000000",
			"locked": false
		},
		{
			"address": "2fGC7kwAM9yZyEF1QqBqp8uo9RUsF6ENGJF",
			"coins": "27045.000000",
			"locked": false
		},
		{
			"address": "bNQHMc2nM8x2fssmyUp6QWY1ow6LzB7kZz",
			"coins": "27000.000000",
			"locked": false
		},
		{
			"address": "2JJ8pgq8EDAnrzf9xxBJapE2qkYLefW4uF8",
			"coins": "26400.000000",
			"locked": false
		},
		{
			"address": "qxmeHkwgAMfwXyaQrwv9jq3qt228xMuoT5",
			"coins": "22100.000000",
			"locked": false
		},
		{
			"address": "wLhHnBXzdhzFcuWRmfLCG5DTnPVEtHdhzB",
			"coins": "22000.000000",
			"locked": false
		},
		{
			"address": "G5XZCdcjcnKqPkeLjZShMz112avsgSo8EW",
			"coins": "21500.000000",
			"locked": false
		},
		{
			"address": "wYRMGKCkEpWD3v9Pz3Lqvk3u5HJpp4YaGK",
			"coins": "18000.000000",
			"locked": false
		},
		{
			"address": "2hVtXZWjGWsTfrV1Tj4KLaxCfiAoBzqw1Vw",
			"coins": "14600.000000",
			"locked": false
		},
		{
			"address": "2j7twMgd2kfeU2Jww37cWH7GY79hX73MSVs",
			"coins": "12000.000000",
			"locked": false
		},
		{
			"address": "8MQsjc5HYbSjPTZikFZYeHHDtLungBEHYS",
			"coins": "10100.000000",
			"locked": false
		},
		{
			"address": "sKr6GJwXTBcvG1P3qdrwnd4UgtrrgDa4jU",
			"coins": "10060.000000",
			"locked": false
		},
		{
			"address": "2jBbGxZRGoQG1mqhPBnXnLTxK6oxsTf8os6",
			"coins": "10000.000000",
			"locked": false
		},
		{
			"address": "2J3rWX7pciQwmvcATSnxEeCHRs1mSkWmt4L",
			"coins": "6700.000000",
			"locked": false
		},
		{
			"address": "v7Bma8dYdBMx7RQ2NohXXDUo7eR5TWBscF",
			"coins": "5100.000000",
			"locked": false
		},
		{
			"address": "NGLS4CYvBdV9HXJDpeY8jrdQDqLeBvfAwc",
			"coins": "4955.000000",
			"locked": false
		},
		{
			"address": "2iwB1VmUWbCoVd4gNstB9LKctw3htFhVmuV",
			"coins": "3400.000000",
			"locked": false
		},
		{
			"address": "Vq7DUM8vGL81QS8S4SXBNTBvLHpkLf9Eaj",
			"coins": "3100.000000",
			"locked": false
		},
		{
			"address": "3iEkvqSQCNrm8tMVf5ABAx2Bp6EGL9wyMP",
			"coins": "3000.000000",
			"locked": false
		},
		{
			"address": "vdLGAnCfbBkxabcVk6tEsa6RH99JTxdzbt",
			"coins": "3000.000000",
			"locked": false
		},
		{
			"address": "2ZZHJVrHvkSrUL4bDpjaqnfq6oHYzbgxghD",
			"coins": "3000.000000",
			"locked": false
		},
		{
			"address": "2iJPqYVuQvFoG1pim4bjoyxWK8uwGmznWaV",
			"coins": "3000.000000",
			"locked": false
		},
		{
			"address": "PCAtFnGVujpALXB1Gqb9CEMRMVXfVGu6iM",
			"coins": "2000.000000",
			"locked": false
		},
		{
			"address": "XnKU1htBL5wFSMX8oytZBsBMeaBSbVNivT",
			"coins": "2000.000000",
			"locked": false
		},
		{
			"address": "pMub1Pz3SLVaSwHoomgp5oDVxdkVxLkW6L",
			"coins": "2000.000000",
			"locked": false
		},
		{
			"address": "tG8F6fuw3KEUStpa85EFQDMHVw9piTzZ2g",
			"coins": "2000.000000",
			"locked": false
		},
		{
			"address": "22WGCstVJGVyqnBuvGHt17L5aNNMpURvckd",
			"coins": "2000.000000",
			"locked": false
		},
		{
			"address": "2jNYhHCuqQtU8kKkLf8ZZmKj6fywTL7fw2e",
			"coins": "1500.000000",
			"locked": false
		},
		{
			"address": "YLT4buWf3kYDV9QddnC5iXTj881Eniuvrx",
			"coins": "1290.000000",
			"locked": false
		},
		{
			"address": "VD98Qt2f2UeUbUKcCJEaKxqEewExgCyiVh",
			"coins": "1100.000000",
			"locked": false
		},
		{
			"address": "sV8sVBgs11uHQtZK5MPbYem2iJ6Hehghv7",
			"coins": "1100.000000",
			"locked": false
		},
		{
			"address": "2acnXsnJ2k8jxiUahtBe8h4xouPAnpbwwjc",
			"coins": "1100.000000",
			"locked": false
		},
		{
			"address": "9vNYwzpjSgw4dRyTc7SAP4z9Jh8bhwURnu",
			"coins": "1010.000000",
			"locked": false
		},
		{
			"address": "ZWhZtjwXMS46cpDxfRwQyxxKPhqwsQu8oN",
			"coins": "1002.000000",
			"locked": false
		},
		{
			"address": "2LZzgdFYNhsBBSLATkV6PA1zk6DvWNghP2",
			"coins": "1000.000000",
			"locked": false
		},
		{
			"address": "4EHiTjCsxQmt4wRy5yJxBMcxsM5yGqtuqu",
			"coins": "1000.000000",
			"locked": false
		},
		{
			"address": "CDD8GoJUHEvBm1pD3BQ3hEC2KcJNhvUzpu",
			"coins": "1000.000000",
			"locked": false
		},
		{
			"address": "FtdApqw416skWtXM7ExanZWFmiHNPZ1Ft6",
			"coins": "1000.000000",
			"locked": false
		},
		{
			"address": "212mwY3Dmey6vwnWpiph99zzCmopXTqeVEN",
			"coins": "1000.000000",
			"locked": false
		},
		{
			"address": "22Piwuzo8ZfoXfpMghhbzGz3ptmTeiDhLbg",
			"coins": "1000.000000",
			"locked": false
		},
		{
			"address": "2H7mA88ireMKHqP9LYWK5opnU176v7eYqrn",
			"coins": "1000.000000",
			"locked": false
		},
		{
			"address": "2U1B6EE5ZCXWJJSyEndouuCk434xpvYqYDF",
			"coins": "1000.000000",
			"locked": false
		},
		{
			"address": "2kN23viEG7Kn3Utuwz9voM4Z8ohLR9Y8L2v",
			"coins": "500.000000",
			"locked": false
		},
		{
			"address": "WADSeEwEQVbtUy8CfcVimyxX1KjTRkvfoK",
			"coins": "110.000000",
			"locked": false
		},
		{
			"address": "aPF9pL9sVEiyEVhynp3s1dmqLetP1BJrW6",
			"coins": "100.000000",
			"locked": false
		},
		{
			"address": "bFTFUB3zdwZcwWQTewXZnVS7UykkTb7zqa",
			"coins": "100.000000",
			"locked": false
		},
		{
			"address": "2A2YC8kxWnUDbscpzZ6UPfNAmx5ddKBeYNs",
			"coins": "100.000000",
			"locked": false
		},
		{
			"address": "38cVLswijqC2ANV5HxTroeapQzqeoBR88C",
			"coins": "12.000000",
			"locked": false
		},
		{
			"address": "odhAMxHhXoBdx1RHNmfu7dTZ1LZivfsbiH",
			"coins": "10.000000",
			"locked": false
		},
		{
			"address": "j6pa8kdKqHbxRm2VXJVbzigQDFzqTVfvfq",
			"coins": "5.000000",
			"locked": false
		},
		{
			"address": "2apVG7f24ezDK13yCDTqBWYrTZpuj94KnCN",
			"coins": "5.000000",
			"locked": false
		},
		{
			"address": "Kb9SqqTVA3XyQjZYb4wYrBVUeZWRKEQyzZ",
			"coins": "3.000000",
			"locked": false
		},
		{
			"address": "PRXLNyB64cqaiG4pCoFZZ8Tuv7LWYPpa7m",
			"coins": "3.000000",
			"locked": false
		},
		{
			"address": "2bvEzLx4mgyQkYL5bkSc2rD9V1nqWBqn8vp",
			"coins": "2.000000",
			"locked": false
		}
	]
}
